Component: ARM Compiler 5.06 update 4 (build 422) Tool: armlink [4d35d2]

==============================================================================

Section Cross References

    startup_skeaz1284.o(RESET) refers to startup_skeaz1284.o(STACK) for __initial_sp
    startup_skeaz1284.o(RESET) refers to startup_skeaz1284.o(.text) for Reset_Handler
    startup_skeaz1284.o(RESET) refers to system_skeaz1284.o(i.NMI_Handler) for NMI_Handler
    startup_skeaz1284.o(RESET) refers to isr.o(i.IRQ_IRQHandler) for IRQ_IRQHandler
    startup_skeaz1284.o(RESET) refers to isr.o(i.UART0_IRQHandler) for UART0_IRQHandler
    startup_skeaz1284.o(RESET) refers to isr.o(i.PIT_CH0_IRQHandler) for PIT_CH0_IRQHandler
    startup_skeaz1284.o(RESET) refers to isr.o(i.PIT_CH1_IRQHandler) for PIT_CH1_IRQHandler
    startup_skeaz1284.o(RESET) refers to isr.o(i.KBI0_IRQHandler) for KBI0_IRQHandler
    startup_skeaz1284.o(.text) refers to system_skeaz1284.o(i.Start) for Start
    startup_skeaz1284.o(.text) refers to entry.o(.ARM.Collect$$$$00000000) for __main
    system_skeaz1284.o(i.Start) refers to system_skeaz1284.o(i.disable_wdog) for disable_wdog
    common.o(i.get_clk) refers to memcpya.o(.text) for __aeabi_memcpy4
    common.o(i.get_clk) refers to uidiv.o(.text) for __aeabi_uidivmod
    common.o(i.get_clk) refers to kea128_uart.o(i.uart_init) for uart_init
    common.o(i.get_clk) refers to common.o(.constdata) for .constdata
    common.o(i.get_clk) refers to common.o(.data) for ics_clk_khz
    kea128_flash.o(i.FLASH_EraseSector) refers to kea128_flash.o(i.FlashCmdStart) for FlashCmdStart
    kea128_flash.o(i.FLASH_Init) refers to uidiv.o(.text) for __aeabi_uidivmod
    kea128_flash.o(i.FLASH_Init) refers to common.o(.data) for bus_clk_khz
    kea128_flash.o(i.FLASH_WriteSector) refers to kea128_flash.o(i.FlashCmdStart) for FlashCmdStart
    kea128_flash.o(i.FlashCmdStart) refers to kea128_flash.o(.data) for s_flash_command_run
    kea128_ftm.o(i.ftm_count_clean) refers to kea128_ftm.o(.constdata) for FTMX
    kea128_ftm.o(i.ftm_count_get) refers to kea128_ftm.o(.constdata) for FTMX
    kea128_ftm.o(i.ftm_count_init) refers to kea128_ftm.o(i.ftm_count_mux) for ftm_count_mux
    kea128_ftm.o(i.ftm_count_init) refers to kea128_ftm.o(.constdata) for FTMX
    kea128_ftm.o(i.ftm_count_mux) refers to kea128_port.o(i.port_pull) for port_pull
    kea128_ftm.o(i.ftm_pwm_duty) refers to uidiv.o(.text) for __aeabi_uidivmod
    kea128_ftm.o(i.ftm_pwm_duty) refers to kea128_ftm.o(.data) for period
    kea128_ftm.o(i.ftm_pwm_duty) refers to kea128_ftm.o(.constdata) for FTMX
    kea128_ftm.o(i.ftm_pwm_freq) refers to uidiv.o(.text) for __aeabi_uidivmod
    kea128_ftm.o(i.ftm_pwm_freq) refers to common.o(.data) for ftm_clk_khz
    kea128_ftm.o(i.ftm_pwm_freq) refers to kea128_ftm.o(.data) for period
    kea128_ftm.o(i.ftm_pwm_freq) refers to kea128_ftm.o(.constdata) for FTMX
    kea128_ftm.o(i.ftm_pwm_init) refers to kea128_ftm.o(i.ftm_pwm_mux) for ftm_pwm_mux
    kea128_ftm.o(i.ftm_pwm_init) refers to uidiv.o(.text) for __aeabi_uidivmod
    kea128_ftm.o(i.ftm_pwm_init) refers to common.o(.data) for ftm_clk_khz
    kea128_ftm.o(i.ftm_pwm_init) refers to kea128_ftm.o(.data) for period
    kea128_ftm.o(i.ftm_pwm_init) refers to kea128_ftm.o(.constdata) for FTMX
    kea128_ftm.o(i.ftm_pwm_mux) refers to kea128_ftm.o(i.__ARM_common_switch8) for __ARM_common_switch8
    kea128_gpio.o(i.gpio_ddr) refers to kea128_gpio.o(.constdata) for GPIOX
    kea128_gpio.o(i.gpio_get) refers to kea128_gpio.o(.constdata) for GPIOX
    kea128_gpio.o(i.gpio_init) refers to kea128_gpio.o(.constdata) for GPIOX
    kea128_gpio.o(i.gpio_set) refers to kea128_gpio.o(.constdata) for GPIOX
    kea128_gpio.o(i.gpio_turn) refers to kea128_gpio.o(.constdata) for GPIOX
    kea128_irq.o(i.irq_init) refers to kea128_systick.o(i.systick_delay_ms) for systick_delay_ms
    kea128_kbi.o(i.kbi_init) refers to kea128_port.o(i.port_pull) for port_pull
    kea128_kbi.o(i.kbi_init) refers to kea128_kbi.o(.data) for kbi
    kea128_uart.o(i.fputc) refers to kea128_uart.o(i.uart_putchar) for uart_putchar
    kea128_uart.o(i.uart_getchar) refers to kea128_uart.o(.data) for uart
    kea128_uart.o(i.uart_init) refers to kea128_uart.o(i.uart_mux) for uart_mux
    kea128_uart.o(i.uart_init) refers to uidiv.o(.text) for __aeabi_uidivmod
    kea128_uart.o(i.uart_init) refers to kea128_uart.o(.data) for uart
    kea128_uart.o(i.uart_init) refers to common.o(.data) for bus_clk_khz
    kea128_uart.o(i.uart_mux) refers to kea128_port.o(i.port_pull) for port_pull
    kea128_uart.o(i.uart_putbuff) refers to kea128_uart.o(i.uart_putchar) for uart_putchar
    kea128_uart.o(i.uart_putchar) refers to kea128_uart.o(.data) for uart
    kea128_uart.o(i.uart_putstr) refers to kea128_uart.o(i.uart_putchar) for uart_putchar
    kea128_uart.o(i.uart_rx_irq_dis) refers to kea128_uart.o(i.NVIC_DisableIRQ) for NVIC_DisableIRQ
    kea128_uart.o(i.uart_rx_irq_dis) refers to kea128_uart.o(.data) for uart
    kea128_uart.o(i.uart_rx_irq_en) refers to kea128_uart.o(i.NVIC_EnableIRQ) for NVIC_EnableIRQ
    kea128_uart.o(i.uart_rx_irq_en) refers to kea128_uart.o(.data) for uart
    kea128_uart.o(i.uart_txc_irq_dis) refers to kea128_uart.o(i.NVIC_DisableIRQ) for NVIC_DisableIRQ
    kea128_uart.o(i.uart_txc_irq_dis) refers to kea128_uart.o(.data) for uart
    kea128_uart.o(i.uart_txc_irq_en) refers to kea128_uart.o(i.NVIC_EnableIRQ) for NVIC_EnableIRQ
    kea128_uart.o(i.uart_txc_irq_en) refers to kea128_uart.o(.data) for uart
    kea128_systick.o(i.systick_delay_ms) refers to kea128_systick.o(i.systick_delay) for systick_delay
    kea128_systick.o(i.systick_delay_ms) refers to common.o(.data) for core_clk_khz
    kea128_i2c.o(i.i2c_Wait) refers to seekfree_iic.o(i.IIC_init) for IIC_init
    kea128_i2c.o(i.i2c_Wait) refers to seekfree_iic.o(i.IIC_stop) for IIC_stop
    kea128_i2c.o(i.i2c_Wait) refers to kea128_i2c.o(.data) for I2CN
    kea128_i2c.o(i.i2c_init) refers to memcpya.o(.text) for __aeabi_memcpy4
    kea128_i2c.o(i.i2c_init) refers to uidiv.o(.text) for __aeabi_uidivmod
    kea128_i2c.o(i.i2c_init) refers to kea128_i2c.o(.constdata) for .constdata
    kea128_i2c.o(i.i2c_init) refers to common.o(.data) for bus_clk_khz
    kea128_i2c.o(i.i2c_init) refers to kea128_i2c.o(.data) for I2CN
    kea128_i2c.o(i.i2c_read_reg) refers to kea128_i2c.o(i.i2c_Wait) for i2c_Wait
    kea128_i2c.o(i.i2c_read_reg) refers to kea128_i2c.o(i.i2c_delay) for i2c_delay
    kea128_i2c.o(i.i2c_read_reg) refers to kea128_i2c.o(.data) for I2CN
    kea128_i2c.o(i.i2c_read_reg_bytes) refers to kea128_i2c.o(i.i2c_Wait) for i2c_Wait
    kea128_i2c.o(i.i2c_read_reg_bytes) refers to kea128_i2c.o(i.i2c_delay) for i2c_delay
    kea128_i2c.o(i.i2c_read_reg_bytes) refers to kea128_i2c.o(.data) for I2CN
    kea128_i2c.o(i.i2c_write_reg) refers to kea128_i2c.o(i.i2c_Wait) for i2c_Wait
    kea128_i2c.o(i.i2c_write_reg) refers to kea128_i2c.o(i.i2c_delay) for i2c_delay
    kea128_i2c.o(i.i2c_write_reg) refers to kea128_i2c.o(.data) for I2CN
    kea128_spi.o(i.spi_init) refers to memcpya.o(.text) for __aeabi_memcpy4
    kea128_spi.o(i.spi_init) refers to uidiv.o(.text) for __aeabi_uidivmod
    kea128_spi.o(i.spi_init) refers to kea128_spi.o(.constdata) for .constdata
    kea128_spi.o(i.spi_init) refers to common.o(.data) for bus_clk_khz
    kea128_spi.o(i.spi_init) refers to kea128_spi.o(.data) for SPIN
    kea128_spi.o(i.spi_mosi) refers to kea128_spi.o(.data) for SPIN
    kea128_spi.o(i.spi_mosi_cmd) refers to kea128_spi.o(i.spi_mosi) for spi_mosi
    seekfree_18tft.o(i.LCD_WriteData_16Bit) refers to kea128_gpio.o(i.gpio_set) for gpio_set
    seekfree_18tft.o(i.LCD_WriteData_16Bit) refers to kea128_spi.o(i.spi_mosi) for spi_mosi
    seekfree_18tft.o(i.Lcd_SetRegion) refers to seekfree_18tft.o(i.Lcd_WriteIndex) for Lcd_WriteIndex
    seekfree_18tft.o(i.Lcd_SetRegion) refers to seekfree_18tft.o(i.Lcd_WriteData) for Lcd_WriteData
    seekfree_18tft.o(i.Lcd_WriteData) refers to kea128_gpio.o(i.gpio_set) for gpio_set
    seekfree_18tft.o(i.Lcd_WriteData) refers to kea128_spi.o(i.spi_mosi) for spi_mosi
    seekfree_18tft.o(i.Lcd_WriteIndex) refers to kea128_gpio.o(i.gpio_set) for gpio_set
    seekfree_18tft.o(i.Lcd_WriteIndex) refers to kea128_spi.o(i.spi_mosi) for spi_mosi
    seekfree_18tft.o(i.dsp_single_colour) refers to seekfree_18tft.o(i.Lcd_SetRegion) for Lcd_SetRegion
    seekfree_18tft.o(i.dsp_single_colour) refers to seekfree_18tft.o(i.LCD_WriteData_16Bit) for LCD_WriteData_16Bit
    seekfree_18tft.o(i.lcd_init) refers to kea128_spi.o(i.spi_init) for spi_init
    seekfree_18tft.o(i.lcd_init) refers to kea128_gpio.o(i.gpio_init) for gpio_init
    seekfree_18tft.o(i.lcd_init) refers to kea128_gpio.o(i.gpio_set) for gpio_set
    seekfree_18tft.o(i.lcd_init) refers to seekfree_18tft.o(i.tft_delay) for tft_delay
    seekfree_18tft.o(i.lcd_init) refers to seekfree_18tft.o(i.Lcd_WriteIndex) for Lcd_WriteIndex
    seekfree_18tft.o(i.lcd_init) refers to seekfree_18tft.o(i.Lcd_WriteData) for Lcd_WriteData
    seekfree_18tft.o(i.lcd_init) refers to seekfree_18tft.o(i.dsp_single_colour) for dsp_single_colour
    seekfree_18tft.o(i.lcd_showchar) refers to seekfree_18tft.o(i.Lcd_SetRegion) for Lcd_SetRegion
    seekfree_18tft.o(i.lcd_showchar) refers to seekfree_18tft.o(i.LCD_WriteData_16Bit) for LCD_WriteData_16Bit
    seekfree_18tft.o(i.lcd_showchar) refers to font.o(.constdata) for tft_ascii
    seekfree_18tft.o(i.lcd_showint16) refers to seekfree_18tft.o(i.lcd_showchar) for lcd_showchar
    seekfree_18tft.o(i.lcd_showint16) refers to idiv.o(.text) for __aeabi_idivmod
    seekfree_18tft.o(i.lcd_showint8) refers to seekfree_18tft.o(i.lcd_showchar) for lcd_showchar
    seekfree_18tft.o(i.lcd_showint8) refers to idiv.o(.text) for __aeabi_idivmod
    seekfree_18tft.o(i.lcd_showstr) refers to seekfree_18tft.o(i.lcd_showchar) for lcd_showchar
    seekfree_18tft.o(i.lcd_showuint16) refers to idiv.o(.text) for __aeabi_idivmod
    seekfree_18tft.o(i.lcd_showuint16) refers to seekfree_18tft.o(i.lcd_showchar) for lcd_showchar
    seekfree_18tft.o(i.lcd_showuint8) refers to idiv.o(.text) for __aeabi_idivmod
    seekfree_18tft.o(i.lcd_showuint8) refers to seekfree_18tft.o(i.lcd_showchar) for lcd_showchar
    seekfree_18tft.o(i.showimage) refers to seekfree_18tft.o(i.dsp_single_colour) for dsp_single_colour
    seekfree_18tft.o(i.showimage) refers to seekfree_18tft.o(i.Lcd_SetRegion) for Lcd_SetRegion
    seekfree_18tft.o(i.showimage) refers to seekfree_18tft.o(i.LCD_WriteData_16Bit) for LCD_WriteData_16Bit
    seekfree_fun.o(i.limit) refers to ffltui.o(.text) for __aeabi_ui2f
    seekfree_fun.o(i.limit) refers to cfcmple.o(.text) for __aeabi_cfcmple
    seekfree_fun.o(i.limit) refers to fflti.o(.text) for __aeabi_i2f
    seekfree_fun.o(i.limit) refers to cfrcmple.o(.text) for __aeabi_cfrcmple
    seekfree_iic.o(i.I2C_SendACK) refers to kea128_gpio.o(i.gpio_set) for gpio_set
    seekfree_iic.o(i.I2C_SendACK) refers to seekfree_iic.o(i.simiic_delay) for simiic_delay
    seekfree_iic.o(i.IIC_init) refers to kea128_gpio.o(i.gpio_init) for gpio_init
    seekfree_iic.o(i.IIC_init) refers to kea128_port.o(i.port_pull) for port_pull
    seekfree_iic.o(i.IIC_start) refers to kea128_gpio.o(i.gpio_set) for gpio_set
    seekfree_iic.o(i.IIC_start) refers to seekfree_iic.o(i.simiic_delay) for simiic_delay
    seekfree_iic.o(i.IIC_stop) refers to kea128_gpio.o(i.gpio_set) for gpio_set
    seekfree_iic.o(i.IIC_stop) refers to seekfree_iic.o(i.simiic_delay) for simiic_delay
    seekfree_iic.o(i.SCCB_WaitAck) refers to kea128_gpio.o(i.gpio_set) for gpio_set
    seekfree_iic.o(i.SCCB_WaitAck) refers to kea128_gpio.o(i.gpio_ddr) for gpio_ddr
    seekfree_iic.o(i.SCCB_WaitAck) refers to seekfree_iic.o(i.simiic_delay) for simiic_delay
    seekfree_iic.o(i.SCCB_WaitAck) refers to kea128_gpio.o(i.gpio_get) for gpio_get
    seekfree_iic.o(i.read_ch) refers to kea128_gpio.o(i.gpio_set) for gpio_set
    seekfree_iic.o(i.read_ch) refers to seekfree_iic.o(i.simiic_delay) for simiic_delay
    seekfree_iic.o(i.read_ch) refers to kea128_gpio.o(i.gpio_ddr) for gpio_ddr
    seekfree_iic.o(i.read_ch) refers to kea128_gpio.o(i.gpio_get) for gpio_get
    seekfree_iic.o(i.read_ch) refers to seekfree_iic.o(i.I2C_SendACK) for I2C_SendACK
    seekfree_iic.o(i.send_ch) refers to kea128_gpio.o(i.gpio_set) for gpio_set
    seekfree_iic.o(i.send_ch) refers to seekfree_iic.o(i.simiic_delay) for simiic_delay
    seekfree_iic.o(i.send_ch) refers to seekfree_iic.o(i.SCCB_WaitAck) for SCCB_WaitAck
    seekfree_iic.o(i.simiic_read_reg) refers to seekfree_iic.o(i.IIC_start) for IIC_start
    seekfree_iic.o(i.simiic_read_reg) refers to seekfree_iic.o(i.send_ch) for send_ch
    seekfree_iic.o(i.simiic_read_reg) refers to seekfree_iic.o(i.IIC_stop) for IIC_stop
    seekfree_iic.o(i.simiic_read_reg) refers to seekfree_iic.o(i.read_ch) for read_ch
    seekfree_iic.o(i.simiic_read_regs) refers to seekfree_iic.o(i.IIC_start) for IIC_start
    seekfree_iic.o(i.simiic_read_regs) refers to seekfree_iic.o(i.send_ch) for send_ch
    seekfree_iic.o(i.simiic_read_regs) refers to seekfree_iic.o(i.IIC_stop) for IIC_stop
    seekfree_iic.o(i.simiic_read_regs) refers to seekfree_iic.o(i.read_ch) for read_ch
    seekfree_iic.o(i.simiic_write_reg) refers to seekfree_iic.o(i.IIC_start) for IIC_start
    seekfree_iic.o(i.simiic_write_reg) refers to seekfree_iic.o(i.send_ch) for send_ch
    seekfree_iic.o(i.simiic_write_reg) refers to seekfree_iic.o(i.IIC_stop) for IIC_stop
    seekfree_l3g4200d.o(i.InitL3G4200D) refers to seekfree_iic.o(i.simiic_write_reg) for simiic_write_reg
    seekfree_l3g4200d.o(i.InitL3G4200D) refers to seekfree_iic.o(i.simiic_read_reg) for simiic_read_reg
    seekfree_l3g4200d.o(i.InitL3G4200D) refers to seekfree_l3g4200d.o(.data) for Temperature
    seekfree_l3g4200d.o(i.get_l3g4200d) refers to seekfree_iic.o(i.simiic_read_reg) for simiic_read_reg
    seekfree_l3g4200d.o(i.get_l3g4200d) refers to seekfree_iic.o(i.simiic_read_regs) for simiic_read_regs
    seekfree_l3g4200d.o(i.get_l3g4200d) refers to seekfree_l3g4200d.o(.data) for gyro_x
    seekfree_mma8451.o(i.MMA845x_init) refers to seekfree_iic.o(i.simiic_write_reg) for simiic_write_reg
    seekfree_mma8451.o(i.MMA845x_init) refers to seekfree_iic.o(i.simiic_read_reg) for simiic_read_reg
    seekfree_mma8451.o(i.get_mma8451) refers to seekfree_iic.o(i.simiic_read_regs) for simiic_read_regs
    seekfree_mma8451.o(i.get_mma8451) refers to seekfree_mma8451.o(.data) for acc_x
    seekfree_mpu6050.o(i.Get_AccData) refers to seekfree_iic.o(i.simiic_read_regs) for simiic_read_regs
    seekfree_mpu6050.o(i.Get_AccData) refers to seekfree_mpu6050.o(.data) for mpu_acc_x
    seekfree_mpu6050.o(i.Get_Gyro) refers to seekfree_iic.o(i.simiic_read_regs) for simiic_read_regs
    seekfree_mpu6050.o(i.Get_Gyro) refers to seekfree_mpu6050.o(.data) for mpu_gyro_x
    seekfree_mpu6050.o(i.InitMPU6050) refers to seekfree_iic.o(i.simiic_write_reg) for simiic_write_reg
    seekfree_nrf24l01.o(i.NRF_Check) refers to seekfree_nrf24l01.o(i.NRF_SPI_W_Reg_Byte) for NRF_SPI_W_Reg_Byte
    seekfree_nrf24l01.o(i.NRF_Check) refers to seekfree_nrf24l01.o(i.NRF_SPI_R_Reg_Byte) for NRF_SPI_R_Reg_Byte
    seekfree_nrf24l01.o(i.NRF_Dev_Init) refers to kea128_gpio.o(i.gpio_init) for gpio_init
    seekfree_nrf24l01.o(i.NRF_Dev_Init) refers to kea128_port.o(i.port_pull) for port_pull
    seekfree_nrf24l01.o(i.NRF_Dev_Init) refers to kea128_gpio.o(i.gpio_set) for gpio_set
    seekfree_nrf24l01.o(i.NRF_Dev_Init) refers to seekfree_nrf24l01.o(i.NRF_Check) for NRF_Check
    seekfree_nrf24l01.o(i.NRF_Dev_Init) refers to seekfree_nrf24l01.o(i.NRF_SPI_W_Reg_Byte) for NRF_SPI_W_Reg_Byte
    seekfree_nrf24l01.o(i.NRF_Dev_Init) refers to seekfree_nrf24l01.o(i.NRF_SPI_W_Reg_Burst) for NRF_SPI_W_Reg_Burst
    seekfree_nrf24l01.o(i.NRF_Dev_Init) refers to seekfree_nrf24l01.o(i.NRF_SPI_W_Cmd_Byte) for NRF_SPI_W_Cmd_Byte
    seekfree_nrf24l01.o(i.NRF_Dev_Init) refers to seekfree_nrf24l01.o(.data) for NRF_RF_Addr
    seekfree_nrf24l01.o(i.NRF_Rece_Packet) refers to kea128_gpio.o(i.gpio_get) for gpio_get
    seekfree_nrf24l01.o(i.NRF_Rece_Packet) refers to seekfree_nrf24l01.o(i.NRF_SPI_R_Reg_Byte) for NRF_SPI_R_Reg_Byte
    seekfree_nrf24l01.o(i.NRF_Rece_Packet) refers to seekfree_nrf24l01.o(i.NRF_SPI_W_Reg_Byte) for NRF_SPI_W_Reg_Byte
    seekfree_nrf24l01.o(i.NRF_Rece_Packet) refers to seekfree_nrf24l01.o(i.NRF_SPI_R_Reg_Burst) for NRF_SPI_R_Reg_Burst
    seekfree_nrf24l01.o(i.NRF_SPI_R_Reg_Burst) refers to kea128_gpio.o(i.gpio_set) for gpio_set
    seekfree_nrf24l01.o(i.NRF_SPI_R_Reg_Burst) refers to seekfree_nrf24l01.o(i.NRF_SPI_WR_Byte) for NRF_SPI_WR_Byte
    seekfree_nrf24l01.o(i.NRF_SPI_R_Reg_Byte) refers to kea128_gpio.o(i.gpio_set) for gpio_set
    seekfree_nrf24l01.o(i.NRF_SPI_R_Reg_Byte) refers to seekfree_nrf24l01.o(i.NRF_SPI_WR_Byte) for NRF_SPI_WR_Byte
    seekfree_nrf24l01.o(i.NRF_SPI_WR_Byte) refers to kea128_gpio.o(i.gpio_set) for gpio_set
    seekfree_nrf24l01.o(i.NRF_SPI_WR_Byte) refers to kea128_gpio.o(i.gpio_get) for gpio_get
    seekfree_nrf24l01.o(i.NRF_SPI_W_Cmd_Byte) refers to kea128_gpio.o(i.gpio_set) for gpio_set
    seekfree_nrf24l01.o(i.NRF_SPI_W_Cmd_Byte) refers to seekfree_nrf24l01.o(i.NRF_SPI_WR_Byte) for NRF_SPI_WR_Byte
    seekfree_nrf24l01.o(i.NRF_SPI_W_Reg_Burst) refers to kea128_gpio.o(i.gpio_set) for gpio_set
    seekfree_nrf24l01.o(i.NRF_SPI_W_Reg_Burst) refers to seekfree_nrf24l01.o(i.NRF_SPI_WR_Byte) for NRF_SPI_WR_Byte
    seekfree_nrf24l01.o(i.NRF_SPI_W_Reg_Byte) refers to kea128_gpio.o(i.gpio_set) for gpio_set
    seekfree_nrf24l01.o(i.NRF_SPI_W_Reg_Byte) refers to seekfree_nrf24l01.o(i.NRF_SPI_WR_Byte) for NRF_SPI_WR_Byte
    seekfree_nrf24l01.o(i.NRF_Send_Packet) refers to kea128_gpio.o(i.gpio_set) for gpio_set
    seekfree_nrf24l01.o(i.NRF_Send_Packet) refers to seekfree_nrf24l01.o(i.NRF_SPI_W_Reg_Byte) for NRF_SPI_W_Reg_Byte
    seekfree_nrf24l01.o(i.NRF_Send_Packet) refers to seekfree_nrf24l01.o(i.NRF_SPI_W_Reg_Burst) for NRF_SPI_W_Reg_Burst
    seekfree_nrf24l01.o(i.NRF_Send_Packet) refers to seekfree_nrf24l01.o(i.NRF_SPI_R_Reg_Byte) for NRF_SPI_R_Reg_Byte
    seekfree_nrf24l01.o(i.NRF_Send_Packet) refers to seekfree_nrf24l01.o(.data) for NRF_RF_Addr
    seekfree_oled.o(i.OLED_ClrPixel) refers to seekfree_oled.o(i.OLED_Set_Pos) for OLED_Set_Pos
    seekfree_oled.o(i.OLED_ClrPixel) refers to seekfree_oled.o(i.OLED_WrCmd) for OLED_WrCmd
    seekfree_oled.o(i.OLED_ClrPixel) refers to seekfree_oled.o(i.OLED_WrDat) for OLED_WrDat
    seekfree_oled.o(i.OLED_Fill) refers to seekfree_oled.o(i.OLED_WrCmd) for OLED_WrCmd
    seekfree_oled.o(i.OLED_Fill) refers to seekfree_oled.o(i.OLED_WrDat) for OLED_WrDat
    seekfree_oled.o(i.OLED_HEXACSII) refers to idiv.o(.text) for __aeabi_idivmod
    seekfree_oled.o(i.OLED_Init) refers to kea128_gpio.o(i.gpio_init) for gpio_init
    seekfree_oled.o(i.OLED_Init) refers to kea128_gpio.o(i.gpio_set) for gpio_set
    seekfree_oled.o(i.OLED_Init) refers to seekfree_oled.o(i.OLED_DLY_ms) for OLED_DLY_ms
    seekfree_oled.o(i.OLED_Init) refers to seekfree_oled.o(i.OLED_WrCmd) for OLED_WrCmd
    seekfree_oled.o(i.OLED_Init) refers to seekfree_oled.o(i.OLED_Fill) for OLED_Fill
    seekfree_oled.o(i.OLED_Init) refers to seekfree_oled.o(i.OLED_Set_Pos) for OLED_Set_Pos
    seekfree_oled.o(i.OLED_P6x8Str) refers to seekfree_oled.o(i.OLED_Set_Pos) for OLED_Set_Pos
    seekfree_oled.o(i.OLED_P6x8Str) refers to seekfree_oled.o(i.OLED_WrDat) for OLED_WrDat
    seekfree_oled.o(i.OLED_P6x8Str) refers to seekfree_oled.o(.constdata) for F6x8
    seekfree_oled.o(i.OLED_P8x16Str) refers to seekfree_oled.o(i.OLED_Set_Pos) for OLED_Set_Pos
    seekfree_oled.o(i.OLED_P8x16Str) refers to seekfree_oled.o(i.OLED_WrDat) for OLED_WrDat
    seekfree_oled.o(i.OLED_P8x16Str) refers to seekfree_oled.o(.constdata) for F8X16
    seekfree_oled.o(i.OLED_Print_Num) refers to seekfree_oled.o(i.OLED_HEXACSII) for OLED_HEXACSII
    seekfree_oled.o(i.OLED_Print_Num) refers to seekfree_oled.o(i.OLED_P8x16Str) for OLED_P8x16Str
    seekfree_oled.o(i.OLED_Print_Num1) refers to seekfree_oled.o(i.OLED_P6x8Str) for OLED_P6x8Str
    seekfree_oled.o(i.OLED_Print_Num1) refers to seekfree_oled.o(i.OLED_HEXACSII) for OLED_HEXACSII
    seekfree_oled.o(i.OLED_PutPixel) refers to seekfree_oled.o(i.OLED_Set_Pos) for OLED_Set_Pos
    seekfree_oled.o(i.OLED_PutPixel) refers to seekfree_oled.o(i.OLED_WrCmd) for OLED_WrCmd
    seekfree_oled.o(i.OLED_PutPixel) refers to seekfree_oled.o(i.OLED_WrDat) for OLED_WrDat
    seekfree_oled.o(i.OLED_Set_Pos) refers to seekfree_oled.o(i.OLED_WrCmd) for OLED_WrCmd
    seekfree_oled.o(i.OLED_Wr6Dat) refers to kea128_gpio.o(i.gpio_set) for gpio_set
    seekfree_oled.o(i.OLED_WrCmd) refers to kea128_gpio.o(i.gpio_set) for gpio_set
    seekfree_oled.o(i.OLED_WrDat) refers to kea128_gpio.o(i.gpio_set) for gpio_set
    seekfree_oled.o(i.dis_bmp) refers to seekfree_oled.o(i.OLED_Set_Pos) for OLED_Set_Pos
    seekfree_oled.o(i.dis_bmp) refers to seekfree_oled.o(i.OLED_WrDat) for OLED_WrDat
    seekfree_tsl1401.o(i.ccd_collect) refers to kea128_gpio.o(i.gpio_set) for gpio_set
    seekfree_tsl1401.o(i.ccd_collect) refers to kea128_adc.o(i.adc_once) for adc_once
    seekfree_tsl1401.o(i.ccd_collect) refers to seekfree_tsl1401.o(.bss) for ccd_data1
    seekfree_tsl1401.o(i.ccd_init) refers to kea128_adc.o(i.adc_init) for adc_init
    seekfree_tsl1401.o(i.ccd_init) refers to kea128_gpio.o(i.gpio_init) for gpio_init
    seekfree_tsl1401.o(i.ccd_init) refers to kea128_pit.o(i.pit_init) for pit_init
    seekfree_tsl1401.o(i.ccd_init) refers to seekfree_tsl1401.o(i.NVIC_SetPriority) for NVIC_SetPriority
    seekfree_tsl1401.o(i.ccd_init) refers to common.o(.data) for bus_clk_khz
    isr.o(i.KBI0_IRQHandler) refers to isr.o(.data) for flag
    isr.o(i.PIT_CH0_IRQHandler) refers to atan2.o(i.atan2) for atan2
    isr.o(i.PIT_CH0_IRQHandler) refers to d2f.o(.text) for __aeabi_d2f
    isr.o(i.PIT_CH0_IRQHandler) refers to isr.o(.data) for a
    main.o(i.main) refers to common.o(i.get_clk) for get_clk
    main.o(i.main) refers to kea128_uart.o(i.uart_init) for uart_init
    main.o(i.main) refers to jlu.o(i.push) for push
    main.o(i.main) refers to jlu.o(i.push_head) for push_head
    main.o(i.main) refers to jlu.o(i.push_in_data) for push_in_data
    main.o(i.main) refers to jlu.o(i.push_end) for push_end
    main.o(i.main) refers to kea128_systick.o(i.systick_delay_ms) for systick_delay_ms
    main.o(i.main) refers to main.o(.data) for baud
    jlu.o(i.push) refers to jlu.o(.bss) for uSendBuf
    jlu.o(i.push_end) refers to kea128_uart.o(i.uart_putchar) for uart_putchar
    jlu.o(i.push_head) refers to kea128_uart.o(i.uart_putchar) for uart_putchar
    jlu.o(i.push_head) refers to uidiv.o(.text) for __aeabi_uidivmod
    jlu.o(i.push_head) refers to jlu.o(.bss) for uSendBuf
    jlu.o(i.push_in_data) refers to kea128_uart.o(i.uart_putchar) for uart_putchar
    jlu.o(i.uSendOnePage) refers to kea128_uart.o(i.uart_putchar) for uart_putchar
    jlu.o(i.uSendOnePage) refers to jlu.o(.bss) for uSendBuf
    atan2.o(i.__softfp_atan2) refers (Special) to iusefp.o(.text) for __I$use$fp
    atan2.o(i.__softfp_atan2) refers to atan2.o(i.atan2) for atan2
    atan2.o(i.atan2) refers (Special) to iusefp.o(.text) for __I$use$fp
    atan2.o(i.atan2) refers to dunder.o(i.__mathlib_dbl_infnan2) for __mathlib_dbl_infnan2
    atan2.o(i.atan2) refers to atan.o(i.atan) for atan
    atan2.o(i.atan2) refers to ddiv.o(.text) for __aeabi_ddiv
    atan2.o(i.atan2) refers to dadd.o(.text) for __aeabi_dsub
    atan2.o(i.atan2) refers to qnan.o(.constdata) for __mathlib_zero
    atan2_x.o(i.____softfp_atan2$lsc) refers (Special) to iusefp.o(.text) for __I$use$fp
    atan2_x.o(i.____softfp_atan2$lsc) refers to atan2_x.o(i.__atan2$lsc) for __atan2$lsc
    atan2_x.o(i.__atan2$lsc) refers (Special) to iusefp.o(.text) for __I$use$fp
    atan2_x.o(i.__atan2$lsc) refers to dunder.o(i.__mathlib_dbl_infnan2) for __mathlib_dbl_infnan2
    atan2_x.o(i.__atan2$lsc) refers to atan.o(i.atan) for atan
    atan2_x.o(i.__atan2$lsc) refers to errno.o(i.__set_errno) for __set_errno
    atan2_x.o(i.__atan2$lsc) refers to ddiv.o(.text) for __aeabi_ddiv
    atan2_x.o(i.__atan2$lsc) refers to dadd.o(.text) for __aeabi_dsub
    atan2_x.o(i.__atan2$lsc) refers to qnan.o(.constdata) for __mathlib_zero
    entry.o(.ARM.Collect$$$$00000000) refers (Special) to entry10a.o(.ARM.Collect$$$$0000000D) for __rt_final_cpp
    entry.o(.ARM.Collect$$$$00000000) refers (Special) to entry11a.o(.ARM.Collect$$$$0000000F) for __rt_final_exit
    entry.o(.ARM.Collect$$$$00000000) refers (Special) to entry7b.o(.ARM.Collect$$$$00000008) for _main_clock
    entry.o(.ARM.Collect$$$$00000000) refers (Special) to entry8b.o(.ARM.Collect$$$$0000000A) for _main_cpp_init
    entry.o(.ARM.Collect$$$$00000000) refers (Special) to entry9a.o(.ARM.Collect$$$$0000000B) for _main_init
    entry.o(.ARM.Collect$$$$00000000) refers (Special) to entry5.o(.ARM.Collect$$$$00000004) for _main_scatterload
    entry.o(.ARM.Collect$$$$00000000) refers (Special) to entry2.o(.ARM.Collect$$$$00000001) for _main_stk
    idiv.o(.text) refers to uidiv.o(.text) for __aeabi_uidivmod
    fflti.o(.text) refers (Special) to iusefp.o(.text) for __I$use$fp
    fflti.o(.text) refers to fepilogue.o(.text) for _float_epilogue
    ffltui.o(.text) refers (Special) to iusefp.o(.text) for __I$use$fp
    ffltui.o(.text) refers to fepilogue.o(.text) for _float_epilogue
    d2f.o(.text) refers (Special) to iusefp.o(.text) for __I$use$fp
    d2f.o(.text) refers to fepilogue.o(.text) for _float_round
    cfcmple.o(.text) refers (Special) to iusefp.o(.text) for __I$use$fp
    cfrcmple.o(.text) refers (Special) to iusefp.o(.text) for __I$use$fp
    atan.o(i.__softfp_atan) refers (Special) to iusefp.o(.text) for __I$use$fp
    atan.o(i.__softfp_atan) refers to atan.o(i.atan) for atan
    atan.o(i.atan) refers (Special) to iusefp.o(.text) for __I$use$fp
    atan.o(i.atan) refers to dunder.o(i.__mathlib_dbl_infnan) for __mathlib_dbl_infnan
    atan.o(i.atan) refers to fpclassify.o(i.__ARM_fpclassify) for __ARM_fpclassify
    atan.o(i.atan) refers to dunder.o(i.__mathlib_dbl_underflow) for __mathlib_dbl_underflow
    atan.o(i.atan) refers to dadd.o(.text) for __aeabi_dadd
    atan.o(i.atan) refers to dscalb.o(.text) for __ARM_scalbn
    atan.o(i.atan) refers to ddiv.o(.text) for __aeabi_ddiv
    atan.o(i.atan) refers to dmul.o(.text) for __aeabi_dmul
    atan.o(i.atan) refers to poly.o(i.__kernel_poly) for __kernel_poly
    atan.o(i.atan) refers to atan.o(.constdata) for .constdata
    atan.o(.constdata) refers (Special) to iusefp.o(.text) for __I$use$fp
    atan_x.o(i.____softfp_atan$lsc) refers (Special) to iusefp.o(.text) for __I$use$fp
    atan_x.o(i.____softfp_atan$lsc) refers to atan_x.o(i.__atan$lsc) for __atan$lsc
    atan_x.o(i.__atan$lsc) refers (Special) to iusefp.o(.text) for __I$use$fp
    atan_x.o(i.__atan$lsc) refers to dunder.o(i.__mathlib_dbl_infnan) for __mathlib_dbl_infnan
    atan_x.o(i.__atan$lsc) refers to dadd.o(.text) for __aeabi_dadd
    atan_x.o(i.__atan$lsc) refers to dscalb.o(.text) for __ARM_scalbn
    atan_x.o(i.__atan$lsc) refers to ddiv.o(.text) for __aeabi_ddiv
    atan_x.o(i.__atan$lsc) refers to dmul.o(.text) for __aeabi_dmul
    atan_x.o(i.__atan$lsc) refers to poly.o(i.__kernel_poly) for __kernel_poly
    atan_x.o(i.__atan$lsc) refers to atan_x.o(.constdata) for .constdata
    atan_x.o(.constdata) refers (Special) to iusefp.o(.text) for __I$use$fp
    dunder.o(i.__mathlib_dbl_divzero) refers to ddiv.o(.text) for __aeabi_ddiv
    dunder.o(i.__mathlib_dbl_infnan) refers to dscalb.o(.text) for __ARM_scalbn
    dunder.o(i.__mathlib_dbl_infnan2) refers to dadd.o(.text) for __aeabi_dadd
    dunder.o(i.__mathlib_dbl_invalid) refers to ddiv.o(.text) for __aeabi_ddiv
    dunder.o(i.__mathlib_dbl_overflow) refers to dscalb.o(.text) for __ARM_scalbn
    dunder.o(i.__mathlib_dbl_posinfnan) refers to dmul.o(.text) for __aeabi_dmul
    dunder.o(i.__mathlib_dbl_underflow) refers to dscalb.o(.text) for __ARM_scalbn
    qnan.o(.constdata) refers (Special) to iusefp.o(.text) for __I$use$fp
    entry2.o(.ARM.Collect$$$$00000001) refers to entry2.o(.ARM.Collect$$$$00002712) for __lit__00000000
    entry2.o(.ARM.Collect$$$$00002712) refers to startup_skeaz1284.o(STACK) for __initial_sp
    entry2.o(__vectab_stack_and_reset_area) refers to startup_skeaz1284.o(STACK) for __initial_sp
    entry2.o(__vectab_stack_and_reset_area) refers to entry.o(.ARM.Collect$$$$00000000) for __main
    entry5.o(.ARM.Collect$$$$00000004) refers to init.o(.text) for __scatterload
    entry9a.o(.ARM.Collect$$$$0000000B) refers to main.o(i.main) for main
    entry9b.o(.ARM.Collect$$$$0000000C) refers to main.o(i.main) for main
    errno.o(i.__aeabi_errno_addr) refers to errno.o(.data) for .data
    errno.o(i.__read_errno) refers to errno.o(.data) for .data
    errno.o(i.__set_errno) refers to errno.o(.data) for .data
    dadd.o(.text) refers to llshl.o(.text) for __aeabi_llsl
    dadd.o(.text) refers to llsshr.o(.text) for __aeabi_lasr
    dadd.o(.text) refers to depilogue.o(.text) for _double_epilogue
    ddiv.o(.text) refers to depilogue.o(.text) for _double_round
    fpclassify.o(i.__ARM_fpclassify) refers (Special) to iusefp.o(.text) for __I$use$fp
    poly.o(i.__kernel_poly) refers (Special) to iusefp.o(.text) for __I$use$fp
    poly.o(i.__kernel_poly) refers to dmul.o(.text) for __aeabi_dmul
    poly.o(i.__kernel_poly) refers to dadd.o(.text) for __aeabi_dadd
    init.o(.text) refers to entry5.o(.ARM.Collect$$$$00000004) for __main_after_scatterload
    depilogue.o(.text) refers to depilogue.o(i.__ARM_clz) for __ARM_clz
    depilogue.o(.text) refers to llshl.o(.text) for __aeabi_llsl
    depilogue.o(.text) refers to llushr.o(.text) for __aeabi_llsr
    dmul.o(.text) refers to depilogue.o(.text) for _double_epilogue


==============================================================================

Removing Unused input sections from the image.

    Removing startup_skeaz1284.o(HEAP), (1024 bytes).
    Removing system_skeaz1284.o(.rev16_text), (4 bytes).
    Removing system_skeaz1284.o(.revsh_text), (4 bytes).
    Removing misc.o(.rev16_text), (4 bytes).
    Removing misc.o(.revsh_text), (4 bytes).
    Removing misc.o(i.write_vtor), (12 bytes).
    Removing common.o(.rev16_text), (4 bytes).
    Removing common.o(.revsh_text), (4 bytes).
    Removing kea128_adc.o(.rev16_text), (4 bytes).
    Removing kea128_adc.o(.revsh_text), (4 bytes).
    Removing kea128_adc.o(i.adc_init), (44 bytes).
    Removing kea128_adc.o(i.adc_once), (48 bytes).
    Removing kea128_adc.o(i.adc_stop), (12 bytes).
    Removing kea128_flash.o(.rev16_text), (4 bytes).
    Removing kea128_flash.o(.revsh_text), (4 bytes).
    Removing kea128_flash.o(i.FLASH_EraseSector), (48 bytes).
    Removing kea128_flash.o(i.FLASH_GetSectorSize), (6 bytes).
    Removing kea128_flash.o(i.FLASH_Init), (76 bytes).
    Removing kea128_flash.o(i.FLASH_WriteSector), (112 bytes).
    Removing kea128_flash.o(i.FlashCmdStart), (92 bytes).
    Removing kea128_flash.o(.data), (20 bytes).
    Removing kea128_ftm.o(.rev16_text), (4 bytes).
    Removing kea128_ftm.o(.revsh_text), (4 bytes).
    Removing kea128_ftm.o(i.ftm_count_clean), (16 bytes).
    Removing kea128_ftm.o(i.ftm_count_get), (20 bytes).
    Removing kea128_ftm.o(i.ftm_count_init), (60 bytes).
    Removing kea128_ftm.o(i.ftm_count_mux), (176 bytes).
    Removing kea128_ftm.o(i.ftm_pwm_duty), (136 bytes).
    Removing kea128_ftm.o(i.ftm_pwm_freq), (132 bytes).
    Removing kea128_ftm.o(i.ftm_pwm_init), (292 bytes).
    Removing kea128_ftm.o(i.ftm_pwm_mux), (296 bytes).
    Removing kea128_ftm.o(.constdata), (12 bytes).
    Removing kea128_ftm.o(.data), (12 bytes).
    Removing kea128_gpio.o(.rev16_text), (4 bytes).
    Removing kea128_gpio.o(.revsh_text), (4 bytes).
    Removing kea128_gpio.o(i.gpio_ddr), (168 bytes).
    Removing kea128_gpio.o(i.gpio_get), (44 bytes).
    Removing kea128_gpio.o(i.gpio_init), (220 bytes).
    Removing kea128_gpio.o(i.gpio_set), (60 bytes).
    Removing kea128_gpio.o(i.gpio_turn), (40 bytes).
    Removing kea128_gpio.o(.constdata), (12 bytes).
    Removing kea128_irq.o(.rev16_text), (4 bytes).
    Removing kea128_irq.o(.revsh_text), (4 bytes).
    Removing kea128_irq.o(i.irq_init), (84 bytes).
    Removing kea128_kbi.o(.rev16_text), (4 bytes).
    Removing kea128_kbi.o(.revsh_text), (4 bytes).
    Removing kea128_kbi.o(i.kbi_init), (268 bytes).
    Removing kea128_kbi.o(.data), (8 bytes).
    Removing kea128_pit.o(.rev16_text), (4 bytes).
    Removing kea128_pit.o(.revsh_text), (4 bytes).
    Removing kea128_pit.o(i.pit_close), (48 bytes).
    Removing kea128_pit.o(i.pit_delay), (132 bytes).
    Removing kea128_pit.o(i.pit_init), (96 bytes).
    Removing kea128_pit.o(i.pit_time_get), (88 bytes).
    Removing kea128_pit.o(i.pit_time_start), (96 bytes).
    Removing kea128_port.o(.rev16_text), (4 bytes).
    Removing kea128_port.o(.revsh_text), (4 bytes).
    Removing kea128_uart.o(.rev16_text), (4 bytes).
    Removing kea128_uart.o(.revsh_text), (4 bytes).
    Removing kea128_uart.o(i.NVIC_DisableIRQ), (20 bytes).
    Removing kea128_uart.o(i.NVIC_EnableIRQ), (20 bytes).
    Removing kea128_uart.o(i.fputc), (18 bytes).
    Removing kea128_uart.o(i.uart_getchar), (36 bytes).
    Removing kea128_uart.o(i.uart_putbuff), (30 bytes).
    Removing kea128_uart.o(i.uart_putstr), (26 bytes).
    Removing kea128_uart.o(i.uart_rx_irq_dis), (56 bytes).
    Removing kea128_uart.o(i.uart_rx_irq_en), (40 bytes).
    Removing kea128_uart.o(i.uart_txc_irq_dis), (56 bytes).
    Removing kea128_uart.o(i.uart_txc_irq_en), (40 bytes).
    Removing kea128_systick.o(.rev16_text), (4 bytes).
    Removing kea128_systick.o(.revsh_text), (4 bytes).
    Removing kea128_systick.o(i.systick_getval), (12 bytes).
    Removing kea128_systick.o(i.systick_timing), (24 bytes).
    Removing kea128_i2c.o(.rev16_text), (4 bytes).
    Removing kea128_i2c.o(.revsh_text), (4 bytes).
    Removing kea128_i2c.o(i.i2c_Wait), (164 bytes).
    Removing kea128_i2c.o(i.i2c_delay), (24 bytes).
    Removing kea128_i2c.o(i.i2c_init), (280 bytes).
    Removing kea128_i2c.o(i.i2c_read_reg), (188 bytes).
    Removing kea128_i2c.o(i.i2c_read_reg_bytes), (280 bytes).
    Removing kea128_i2c.o(i.i2c_write_reg), (104 bytes).
    Removing kea128_i2c.o(.constdata), (128 bytes).
    Removing kea128_i2c.o(.data), (12 bytes).
    Removing kea128_spi.o(.rev16_text), (4 bytes).
    Removing kea128_spi.o(.revsh_text), (4 bytes).
    Removing kea128_spi.o(i.spi_init), (308 bytes).
    Removing kea128_spi.o(i.spi_mosi), (96 bytes).
    Removing kea128_spi.o(i.spi_mosi_cmd), (44 bytes).
    Removing kea128_spi.o(.constdata), (36 bytes).
    Removing kea128_spi.o(.data), (8 bytes).
    Removing font.o(.rev16_text), (4 bytes).
    Removing font.o(.revsh_text), (4 bytes).
    Removing font.o(.constdata), (3040 bytes).
    Removing seekfree_18tft.o(.rev16_text), (4 bytes).
    Removing seekfree_18tft.o(.revsh_text), (4 bytes).
    Removing seekfree_18tft.o(i.LCD_WriteData_16Bit), (54 bytes).
    Removing seekfree_18tft.o(i.Lcd_SetRegion), (86 bytes).
    Removing seekfree_18tft.o(i.Lcd_WriteData), (30 bytes).
    Removing seekfree_18tft.o(i.Lcd_WriteIndex), (30 bytes).
    Removing seekfree_18tft.o(i.dsp_single_colour), (48 bytes).
    Removing seekfree_18tft.o(i.lcd_init), (624 bytes).
    Removing seekfree_18tft.o(i.lcd_showchar), (108 bytes).
    Removing seekfree_18tft.o(i.lcd_showint16), (172 bytes).
    Removing seekfree_18tft.o(i.lcd_showint8), (126 bytes).
    Removing seekfree_18tft.o(i.lcd_showstr), (40 bytes).
    Removing seekfree_18tft.o(i.lcd_showuint16), (140 bytes).
    Removing seekfree_18tft.o(i.lcd_showuint8), (92 bytes).
    Removing seekfree_18tft.o(i.showimage), (112 bytes).
    Removing seekfree_18tft.o(i.tft_delay), (12 bytes).
    Removing seekfree_18tft.o(.constdata), (3200 bytes).
    Removing seekfree_fun.o(.rev16_text), (4 bytes).
    Removing seekfree_fun.o(.revsh_text), (4 bytes).
    Removing seekfree_fun.o(i.limit), (58 bytes).
    Removing seekfree_fun.o(i.limit_ab), (14 bytes).
    Removing seekfree_fun.o(i.my_delay), (12 bytes).
    Removing seekfree_fun.o(i.myabs), (14 bytes).
    Removing seekfree_iic.o(.rev16_text), (4 bytes).
    Removing seekfree_iic.o(.revsh_text), (4 bytes).
    Removing seekfree_iic.o(i.I2C_SendACK), (64 bytes).
    Removing seekfree_iic.o(i.IIC_init), (36 bytes).
    Removing seekfree_iic.o(i.IIC_start), (44 bytes).
    Removing seekfree_iic.o(i.IIC_stop), (48 bytes).
    Removing seekfree_iic.o(i.SCCB_WaitAck), (88 bytes).
    Removing seekfree_iic.o(i.read_ch), (122 bytes).
    Removing seekfree_iic.o(i.send_ch), (78 bytes).
    Removing seekfree_iic.o(i.simiic_delay), (16 bytes).
    Removing seekfree_iic.o(i.simiic_read_reg), (64 bytes).
    Removing seekfree_iic.o(i.simiic_read_regs), (84 bytes).
    Removing seekfree_iic.o(i.simiic_write_reg), (38 bytes).
    Removing seekfree_iic.o(.data), (9 bytes).
    Removing seekfree_l3g4200d.o(.rev16_text), (4 bytes).
    Removing seekfree_l3g4200d.o(.revsh_text), (4 bytes).
    Removing seekfree_l3g4200d.o(i.InitL3G4200D), (72 bytes).
    Removing seekfree_l3g4200d.o(i.get_l3g4200d), (112 bytes).
    Removing seekfree_l3g4200d.o(.data), (7 bytes).
    Removing seekfree_mma8451.o(.rev16_text), (4 bytes).
    Removing seekfree_mma8451.o(.revsh_text), (4 bytes).
    Removing seekfree_mma8451.o(i.MMA845x_init), (64 bytes).
    Removing seekfree_mma8451.o(i.get_mma8451), (172 bytes).
    Removing seekfree_mma8451.o(.data), (6 bytes).
    Removing seekfree_mpu6050.o(.rev16_text), (4 bytes).
    Removing seekfree_mpu6050.o(.revsh_text), (4 bytes).
    Removing seekfree_mpu6050.o(i.Get_AccData), (88 bytes).
    Removing seekfree_mpu6050.o(i.Get_Gyro), (88 bytes).
    Removing seekfree_mpu6050.o(i.InitMPU6050), (74 bytes).
    Removing seekfree_mpu6050.o(.data), (12 bytes).
    Removing seekfree_nrf24l01.o(.rev16_text), (4 bytes).
    Removing seekfree_nrf24l01.o(.revsh_text), (4 bytes).
    Removing seekfree_nrf24l01.o(i.NRF_Check), (28 bytes).
    Removing seekfree_nrf24l01.o(i.NRF_Dev_Init), (204 bytes).
    Removing seekfree_nrf24l01.o(i.NRF_Rece_Packet), (58 bytes).
    Removing seekfree_nrf24l01.o(i.NRF_SPI_R_Reg_Burst), (56 bytes).
    Removing seekfree_nrf24l01.o(i.NRF_SPI_R_Reg_Byte), (38 bytes).
    Removing seekfree_nrf24l01.o(i.NRF_SPI_WR_Byte), (60 bytes).
    Removing seekfree_nrf24l01.o(i.NRF_SPI_W_Cmd_Byte), (32 bytes).
    Removing seekfree_nrf24l01.o(i.NRF_SPI_W_Reg_Burst), (54 bytes).
    Removing seekfree_nrf24l01.o(i.NRF_SPI_W_Reg_Byte), (40 bytes).
    Removing seekfree_nrf24l01.o(i.NRF_Send_Packet), (140 bytes).
    Removing seekfree_nrf24l01.o(.bss), (64 bytes).
    Removing seekfree_nrf24l01.o(.data), (5 bytes).
    Removing seekfree_oled.o(.rev16_text), (4 bytes).
    Removing seekfree_oled.o(.revsh_text), (4 bytes).
    Removing seekfree_oled.o(i.OLED_ClrPixel), (74 bytes).
    Removing seekfree_oled.o(i.OLED_DLY_ms), (28 bytes).
    Removing seekfree_oled.o(i.OLED_Fill), (58 bytes).
    Removing seekfree_oled.o(i.OLED_HEXACSII), (50 bytes).
    Removing seekfree_oled.o(i.OLED_Init), (266 bytes).
    Removing seekfree_oled.o(i.OLED_P6x8Str), (100 bytes).
    Removing seekfree_oled.o(i.OLED_P8x16Str), (140 bytes).
    Removing seekfree_oled.o(i.OLED_Print_Num), (48 bytes).
    Removing seekfree_oled.o(i.OLED_Print_Num1), (88 bytes).
    Removing seekfree_oled.o(i.OLED_PutPixel), (74 bytes).
    Removing seekfree_oled.o(i.OLED_Set_Pos), (46 bytes).
    Removing seekfree_oled.o(i.OLED_Wr6Dat), (98 bytes).
    Removing seekfree_oled.o(i.OLED_WrCmd), (98 bytes).
    Removing seekfree_oled.o(i.OLED_WrDat), (98 bytes).
    Removing seekfree_oled.o(i.dis_bmp), (536 bytes).
    Removing seekfree_oled.o(.constdata), (2072 bytes).
    Removing seekfree_tsl1401.o(.rev16_text), (4 bytes).
    Removing seekfree_tsl1401.o(.revsh_text), (4 bytes).
    Removing seekfree_tsl1401.o(i.NVIC_SetPriority), (120 bytes).
    Removing seekfree_tsl1401.o(i.ccd_collect), (120 bytes).
    Removing seekfree_tsl1401.o(i.ccd_init), (84 bytes).
    Removing seekfree_tsl1401.o(.bss), (512 bytes).
    Removing isr.o(.rev16_text), (4 bytes).
    Removing isr.o(.revsh_text), (4 bytes).
    Removing main.o(.rev16_text), (4 bytes).
    Removing main.o(.revsh_text), (4 bytes).
    Removing jlu.o(.rev16_text), (4 bytes).
    Removing jlu.o(.revsh_text), (4 bytes).
    Removing jlu.o(i.uSendOnePage), (80 bytes).
    Removing fflti.o(.text), (22 bytes).
    Removing ffltui.o(.text), (14 bytes).
    Removing cfcmple.o(.text), (20 bytes).
    Removing cfrcmple.o(.text), (20 bytes).
    Removing kea128_ftm.o(i.__ARM_common_switch8), (28 bytes).

196 unused section(s) (total 21355 bytes) removed from the image.

==============================================================================

Image Symbol Table

    Local Symbols

    Symbol Name                              Value     Ov Type        Size  Object(Section)

    RESET                                    0x00000000   Section      192  startup_skeaz1284.o(RESET)
    ../clib/microlib/division.c              0x00000000   Number         0  idiv.o ABSOLUTE
    ../clib/microlib/division.c              0x00000000   Number         0  uidiv.o ABSOLUTE
    ../clib/microlib/errno.c                 0x00000000   Number         0  errno.o ABSOLUTE
    ../clib/microlib/init/entry.s            0x00000000   Number         0  entry10a.o ABSOLUTE
    ../clib/microlib/init/entry.s            0x00000000   Number         0  entry9b.o ABSOLUTE
    ../clib/microlib/init/entry.s            0x00000000   Number         0  entry9a.o ABSOLUTE
    ../clib/microlib/init/entry.s            0x00000000   Number         0  entry8b.o ABSOLUTE
    ../clib/microlib/init/entry.s            0x00000000   Number         0  entry8a.o ABSOLUTE
    ../clib/microlib/init/entry.s            0x00000000   Number         0  entry7b.o ABSOLUTE
    ../clib/microlib/init/entry.s            0x00000000   Number         0  entry7a.o ABSOLUTE
    ../clib/microlib/init/entry.s            0x00000000   Number         0  entry5.o ABSOLUTE
    ../clib/microlib/init/entry.s            0x00000000   Number         0  entry2.o ABSOLUTE
    ../clib/microlib/init/entry.s            0x00000000   Number         0  entry11a.o ABSOLUTE
    ../clib/microlib/init/entry.s            0x00000000   Number         0  entry11b.o ABSOLUTE
    ../clib/microlib/init/entry.s            0x00000000   Number         0  entry.o ABSOLUTE
    ../clib/microlib/init/entry.s            0x00000000   Number         0  entry10b.o ABSOLUTE
    ../clib/microlib/longlong.c              0x00000000   Number         0  llushr.o ABSOLUTE
    ../clib/microlib/longlong.c              0x00000000   Number         0  llshl.o ABSOLUTE
    ../clib/microlib/longlong.c              0x00000000   Number         0  llsshr.o ABSOLUTE
    ../clib/microlib/string/memcpy.c         0x00000000   Number         0  memcpyb.o ABSOLUTE
    ../clib/microlib/string/memcpy.c         0x00000000   Number         0  memcpya.o ABSOLUTE
    ../clib/microlib/stubs.s                 0x00000000   Number         0  iusefp.o ABSOLUTE
    ../fplib/microlib/d2f.c                  0x00000000   Number         0  d2f.o ABSOLUTE
    ../fplib/microlib/fpadd.c                0x00000000   Number         0  dadd.o ABSOLUTE
    ../fplib/microlib/fpdiv.c                0x00000000   Number         0  ddiv.o ABSOLUTE
    ../fplib/microlib/fpepilogue.c           0x00000000   Number         0  depilogue.o ABSOLUTE
    ../fplib/microlib/fpepilogue.c           0x00000000   Number         0  fepilogue.o ABSOLUTE
    ../fplib/microlib/fpflt.c                0x00000000   Number         0  ffltui.o ABSOLUTE
    ../fplib/microlib/fpflt.c                0x00000000   Number         0  fflti.o ABSOLUTE
    ../fplib/microlib/fpmul.c                0x00000000   Number         0  dmul.o ABSOLUTE
    ../fplib/microlib/fpscalb.c              0x00000000   Number         0  dscalb.o ABSOLUTE
    ../mathlib/atan.c                        0x00000000   Number         0  atan_x.o ABSOLUTE
    ../mathlib/atan.c                        0x00000000   Number         0  atan.o ABSOLUTE
    ../mathlib/atan2.c                       0x00000000   Number         0  atan2_x.o ABSOLUTE
    ../mathlib/atan2.c                       0x00000000   Number         0  atan2.o ABSOLUTE
    ../mathlib/dunder.c                      0x00000000   Number         0  dunder.o ABSOLUTE
    ../mathlib/fpclassify.c                  0x00000000   Number         0  fpclassify.o ABSOLUTE
    ../mathlib/poly.c                        0x00000000   Number         0  poly.o ABSOLUTE
    ../mathlib/qnan.c                        0x00000000   Number         0  qnan.o ABSOLUTE
    ..\..\Libraries\drives\src\KEA128_adc.c  0x00000000   Number         0  kea128_adc.o ABSOLUTE
    ..\..\Libraries\drives\src\KEA128_flash.c 0x00000000   Number         0  kea128_flash.o ABSOLUTE
    ..\..\Libraries\drives\src\KEA128_ftm.c  0x00000000   Number         0  kea128_ftm.o ABSOLUTE
    ..\..\Libraries\drives\src\KEA128_gpio.c 0x00000000   Number         0  kea128_gpio.o ABSOLUTE
    ..\..\Libraries\drives\src\KEA128_i2c.c  0x00000000   Number         0  kea128_i2c.o ABSOLUTE
    ..\..\Libraries\drives\src\KEA128_irq.c  0x00000000   Number         0  kea128_irq.o ABSOLUTE
    ..\..\Libraries\drives\src\KEA128_kbi.c  0x00000000   Number         0  kea128_kbi.o ABSOLUTE
    ..\..\Libraries\drives\src\KEA128_pit.c  0x00000000   Number         0  kea128_pit.o ABSOLUTE
    ..\..\Libraries\drives\src\KEA128_port.c 0x00000000   Number         0  kea128_port.o ABSOLUTE
    ..\..\Libraries\drives\src\KEA128_spi.c  0x00000000   Number         0  kea128_spi.o ABSOLUTE
    ..\..\Libraries\drives\src\KEA128_systick.c 0x00000000   Number         0  kea128_systick.o ABSOLUTE
    ..\..\Libraries\drives\src\KEA128_uart.c 0x00000000   Number         0  kea128_uart.o ABSOLUTE
    ..\..\Libraries\drives\src\common.c      0x00000000   Number         0  common.o ABSOLUTE
    ..\..\Libraries\drives\src\misc.c        0x00000000   Number         0  misc.o ABSOLUTE
    ..\..\Libraries\seekfree\SEEKFREE_18TFT.c 0x00000000   Number         0  seekfree_18tft.o ABSOLUTE
    ..\..\Libraries\seekfree\SEEKFREE_FUN.c  0x00000000   Number         0  seekfree_fun.o ABSOLUTE
    ..\..\Libraries\seekfree\SEEKFREE_IIC.c  0x00000000   Number         0  seekfree_iic.o ABSOLUTE
    ..\..\Libraries\seekfree\SEEKFREE_L3G4200D.c 0x00000000   Number         0  seekfree_l3g4200d.o ABSOLUTE
    ..\..\Libraries\seekfree\SEEKFREE_MMA8451.c 0x00000000   Number         0  seekfree_mma8451.o ABSOLUTE
    ..\..\Libraries\seekfree\SEEKFREE_MPU6050.c 0x00000000   Number         0  seekfree_mpu6050.o ABSOLUTE
    ..\..\Libraries\seekfree\SEEKFREE_NRF24L01.c 0x00000000   Number         0  seekfree_nrf24l01.o ABSOLUTE
    ..\..\Libraries\seekfree\SEEKFREE_OLED.c 0x00000000   Number         0  seekfree_oled.o ABSOLUTE
    ..\..\Libraries\seekfree\SEEKFREE_TSL1401.c 0x00000000   Number         0  seekfree_tsl1401.o ABSOLUTE
    ..\..\Libraries\seekfree\font.c          0x00000000   Number         0  font.o ABSOLUTE
    ..\..\Libraries\startup\DeviceSupport\MDK-ARM\startup_SKEAZ1284.s 0x00000000   Number         0  startup_skeaz1284.o ABSOLUTE
    ..\..\Libraries\startup\DeviceSupport\system_SKEAZ1284.c 0x00000000   Number         0  system_skeaz1284.o ABSOLUTE
    ..\USER\src\JLU.c                        0x00000000   Number         0  jlu.o ABSOLUTE
    ..\USER\src\isr.c                        0x00000000   Number         0  isr.o ABSOLUTE
    ..\USER\src\main.c                       0x00000000   Number         0  main.o ABSOLUTE
    ..\\..\\Libraries\\drives\\src\\KEA128_adc.c 0x00000000   Number         0  kea128_adc.o ABSOLUTE
    ..\\..\\Libraries\\drives\\src\\KEA128_flash.c 0x00000000   Number         0  kea128_flash.o ABSOLUTE
    ..\\..\\Libraries\\drives\\src\\KEA128_ftm.c 0x00000000   Number         0  kea128_ftm.o ABSOLUTE
    ..\\..\\Libraries\\drives\\src\\KEA128_gpio.c 0x00000000   Number         0  kea128_gpio.o ABSOLUTE
    ..\\..\\Libraries\\drives\\src\\KEA128_i2c.c 0x00000000   Number         0  kea128_i2c.o ABSOLUTE
    ..\\..\\Libraries\\drives\\src\\KEA128_irq.c 0x00000000   Number         0  kea128_irq.o ABSOLUTE
    ..\\..\\Libraries\\drives\\src\\KEA128_kbi.c 0x00000000   Number         0  kea128_kbi.o ABSOLUTE
    ..\\..\\Libraries\\drives\\src\\KEA128_pit.c 0x00000000   Number         0  kea128_pit.o ABSOLUTE
    ..\\..\\Libraries\\drives\\src\\KEA128_port.c 0x00000000   Number         0  kea128_port.o ABSOLUTE
    ..\\..\\Libraries\\drives\\src\\KEA128_spi.c 0x00000000   Number         0  kea128_spi.o ABSOLUTE
    ..\\..\\Libraries\\drives\\src\\KEA128_systick.c 0x00000000   Number         0  kea128_systick.o ABSOLUTE
    ..\\..\\Libraries\\drives\\src\\KEA128_uart.c 0x00000000   Number         0  kea128_uart.o ABSOLUTE
    ..\\..\\Libraries\\drives\\src\\common.c 0x00000000   Number         0  common.o ABSOLUTE
    ..\\..\\Libraries\\drives\\src\\misc.c   0x00000000   Number         0  misc.o ABSOLUTE
    ..\\..\\Libraries\\seekfree\\SEEKFREE_18TFT.c 0x00000000   Number         0  seekfree_18tft.o ABSOLUTE
    ..\\..\\Libraries\\seekfree\\SEEKFREE_FUN.c 0x00000000   Number         0  seekfree_fun.o ABSOLUTE
    ..\\..\\Libraries\\seekfree\\SEEKFREE_IIC.c 0x00000000   Number         0  seekfree_iic.o ABSOLUTE
    ..\\..\\Libraries\\seekfree\\SEEKFREE_L3G4200D.c 0x00000000   Number         0  seekfree_l3g4200d.o ABSOLUTE
    ..\\..\\Libraries\\seekfree\\SEEKFREE_MMA8451.c 0x00000000   Number         0  seekfree_mma8451.o ABSOLUTE
    ..\\..\\Libraries\\seekfree\\SEEKFREE_MPU6050.c 0x00000000   Number         0  seekfree_mpu6050.o ABSOLUTE
    ..\\..\\Libraries\\seekfree\\SEEKFREE_NRF24L01.c 0x00000000   Number         0  seekfree_nrf24l01.o ABSOLUTE
    ..\\..\\Libraries\\seekfree\\SEEKFREE_OLED.c 0x00000000   Number         0  seekfree_oled.o ABSOLUTE
    ..\\..\\Libraries\\seekfree\\SEEKFREE_TSL1401.c 0x00000000   Number         0  seekfree_tsl1401.o ABSOLUTE
    ..\\..\\Libraries\\seekfree\\font.c      0x00000000   Number         0  font.o ABSOLUTE
    ..\\..\\Libraries\\startup\\DeviceSupport\\system_SKEAZ1284.c 0x00000000   Number         0  system_skeaz1284.o ABSOLUTE
    ..\\USER\\src\\JLU.c                     0x00000000   Number         0  jlu.o ABSOLUTE
    ..\\USER\\src\\isr.c                     0x00000000   Number         0  isr.o ABSOLUTE
    ..\\USER\\src\\main.c                    0x00000000   Number         0  main.o ABSOLUTE
    cfcmple.s                                0x00000000   Number         0  cfcmple.o ABSOLUTE
    cfrcmple.s                               0x00000000   Number         0  cfrcmple.o ABSOLUTE
    dc.s                                     0x00000000   Number         0  dc.o ABSOLUTE
    handlers.s                               0x00000000   Number         0  handlers.o ABSOLUTE
    init.s                                   0x00000000   Number         0  init.o ABSOLUTE
    .ARM.Collect$$$$00000000                 0x000000c0   Section        0  entry.o(.ARM.Collect$$$$00000000)
    .ARM.Collect$$$$00000001                 0x000000c0   Section        4  entry2.o(.ARM.Collect$$$$00000001)
    .ARM.Collect$$$$00000004                 0x000000c4   Section        4  entry5.o(.ARM.Collect$$$$00000004)
    .ARM.Collect$$$$00000008                 0x000000c8   Section        0  entry7b.o(.ARM.Collect$$$$00000008)
    .ARM.Collect$$$$0000000A                 0x000000c8   Section        0  entry8b.o(.ARM.Collect$$$$0000000A)
    .ARM.Collect$$$$0000000B                 0x000000c8   Section        8  entry9a.o(.ARM.Collect$$$$0000000B)
    .ARM.Collect$$$$0000000D                 0x000000d0   Section        0  entry10a.o(.ARM.Collect$$$$0000000D)
    .ARM.Collect$$$$0000000F                 0x000000d0   Section        0  entry11a.o(.ARM.Collect$$$$0000000F)
    .ARM.Collect$$$$00002712                 0x000000d0   Section        4  entry2.o(.ARM.Collect$$$$00002712)
    __lit__00000000                          0x000000d0   Data           4  entry2.o(.ARM.Collect$$$$00002712)
    .text                                    0x000000d4   Section       40  startup_skeaz1284.o(.text)
    .text                                    0x000000fc   Section        0  uidiv.o(.text)
    .text                                    0x00000128   Section        0  memcpya.o(.text)
    .text                                    0x0000014c   Section        0  d2f.o(.text)
    .text                                    0x00000184   Section        0  fepilogue.o(.text)
    .text                                    0x00000184   Section        0  iusefp.o(.text)
    .text                                    0x00000208   Section        0  dadd.o(.text)
    .text                                    0x0000036c   Section       36  init.o(.text)
    .text                                    0x00000390   Section        0  llshl.o(.text)
    .text                                    0x000003b0   Section        0  llsshr.o(.text)
    .text                                    0x000003d6   Section        0  llushr.o(.text)
    i.NMI_Handler                            0x000003f8   Section        0  system_skeaz1284.o(i.NMI_Handler)
    i.UART0_IRQHandler                       0x000003fa   Section        0  isr.o(i.UART0_IRQHandler)
    i.__scatterload_null                     0x000003fc   Section        2  handlers.o(i.__scatterload_null)
    .ARM.__at_0x400                          0x00000400   Section       16  startup_skeaz1284.o(.ARM.__at_0x400)
    .text                                    0x00000410   Section        0  ddiv.o(.text)
    .text                                    0x00000500   Section        0  depilogue.o(.text)
    .text                                    0x000005c0   Section        0  dmul.o(.text)
    .text                                    0x00000690   Section        0  dscalb.o(.text)
    i.IRQ_IRQHandler                         0x000006bc   Section        0  isr.o(i.IRQ_IRQHandler)
    i.KBI0_IRQHandler                        0x000006d0   Section        0  isr.o(i.KBI0_IRQHandler)
    i.PIT_CH0_IRQHandler                     0x000006f0   Section        0  isr.o(i.PIT_CH0_IRQHandler)
    i.PIT_CH1_IRQHandler                     0x00000728   Section        0  isr.o(i.PIT_CH1_IRQHandler)
    i.Start                                  0x0000073c   Section        0  system_skeaz1284.o(i.Start)
    i.__ARM_clz                              0x0000079c   Section        0  depilogue.o(i.__ARM_clz)
    i.__ARM_fpclassify                       0x000007cc   Section        0  fpclassify.o(i.__ARM_fpclassify)
    i.__kernel_poly                          0x000007f8   Section        0  poly.o(i.__kernel_poly)
    i.__mathlib_dbl_infnan                   0x000008a4   Section        0  dunder.o(i.__mathlib_dbl_infnan)
    i.__mathlib_dbl_infnan2                  0x000008ae   Section        0  dunder.o(i.__mathlib_dbl_infnan2)
    i.__mathlib_dbl_underflow                0x000008b8   Section        0  dunder.o(i.__mathlib_dbl_underflow)
    i.__scatterload_copy                     0x000008cc   Section       14  handlers.o(i.__scatterload_copy)
    i.__scatterload_zeroinit                 0x000008da   Section       14  handlers.o(i.__scatterload_zeroinit)
    i.atan                                   0x000008e8   Section        0  atan.o(i.atan)
    i.atan2                                  0x00000b04   Section        0  atan2.o(i.atan2)
    i.disable_wdog                           0x00000c7c   Section        0  system_skeaz1284.o(i.disable_wdog)
    i.get_clk                                0x00000c94   Section        0  common.o(i.get_clk)
    i.main                                   0x00000d60   Section        0  main.o(i.main)
    i.port_pull                              0x00000e08   Section        0  kea128_port.o(i.port_pull)
    i.push                                   0x00000e58   Section        0  jlu.o(i.push)
    i.push_end                               0x00000e88   Section        0  jlu.o(i.push_end)
    i.push_head                              0x00000e9c   Section        0  jlu.o(i.push_head)
    i.push_in_data                           0x00000ef0   Section        0  jlu.o(i.push_in_data)
    i.systick_delay                          0x00000f0c   Section        0  kea128_systick.o(i.systick_delay)
    i.systick_delay_ms                       0x00000f3c   Section        0  kea128_systick.o(i.systick_delay_ms)
    i.uart_init                              0x00000f58   Section        0  kea128_uart.o(i.uart_init)
    i.uart_mux                               0x00001010   Section        0  kea128_uart.o(i.uart_mux)
    i.uart_putchar                           0x00001090   Section        0  kea128_uart.o(i.uart_putchar)
    .constdata                               0x000010b0   Section       22  common.o(.constdata)
    .constdata                               0x000010c8   Section      152  atan.o(.constdata)
    atanhi                                   0x000010c8   Data          32  atan.o(.constdata)
    atanlo                                   0x000010e8   Data          32  atan.o(.constdata)
    aTodd                                    0x00001108   Data          40  atan.o(.constdata)
    aTeven                                   0x00001130   Data          48  atan.o(.constdata)
    .constdata                               0x00001160   Section        8  qnan.o(.constdata)
    .data                                    0x1ffff000   Section       16  common.o(.data)
    .data                                    0x1ffff010   Section       12  kea128_uart.o(.data)
    .data                                    0x1ffff01c   Section        8  isr.o(.data)
    .data                                    0x1ffff024   Section        8  main.o(.data)
    .bss                                     0x1ffff02c   Section       32  jlu.o(.bss)
    STACK                                    0x1ffff050   Section     1024  startup_skeaz1284.o(STACK)

    Global Symbols

    Symbol Name                              Value     Ov Type        Size  Object(Section)

    BuildAttributes$$THM_ISAv3M$S$PE$A:L22$X:L11$S22$IEEE1$IW$USESV6$~STKCKD$USESV7$~SHL$OTIME$ROPI$IEEEX$EBA8$MICROLIB$REQ8$PRES8$EABIv2 0x00000000   Number         0  anon$$obj.o ABSOLUTE
    __ARM_use_no_argv                        0x00000000   Number         0  main.o ABSOLUTE
    __Vectors                                0x00000000   Data           4  startup_skeaz1284.o(RESET)
    __cpp_initialize__aeabi_                  - Undefined Weak Reference
    __cxa_finalize                            - Undefined Weak Reference
    __decompress                              - Undefined Weak Reference
    _clock_init                               - Undefined Weak Reference
    _microlib_exit                            - Undefined Weak Reference
    __Vectors_End                            0x000000c0   Data           0  startup_skeaz1284.o(RESET)
    __Vectors_Size                           0x000000c0   Number         0  startup_skeaz1284.o ABSOLUTE
    __main                                   0x000000c1   Thumb Code     0  entry.o(.ARM.Collect$$$$00000000)
    _main_stk                                0x000000c1   Thumb Code     0  entry2.o(.ARM.Collect$$$$00000001)
    _main_scatterload                        0x000000c5   Thumb Code     0  entry5.o(.ARM.Collect$$$$00000004)
    __main_after_scatterload                 0x000000c9   Thumb Code     0  entry5.o(.ARM.Collect$$$$00000004)
    _main_clock                              0x000000c9   Thumb Code     0  entry7b.o(.ARM.Collect$$$$00000008)
    _main_cpp_init                           0x000000c9   Thumb Code     0  entry8b.o(.ARM.Collect$$$$0000000A)
    _main_init                               0x000000c9   Thumb Code     0  entry9a.o(.ARM.Collect$$$$0000000B)
    __rt_final_cpp                           0x000000d1   Thumb Code     0  entry10a.o(.ARM.Collect$$$$0000000D)
    __rt_final_exit                          0x000000d1   Thumb Code     0  entry11a.o(.ARM.Collect$$$$0000000F)
    init_data_bss                            0x000000d5   Thumb Code     2  startup_skeaz1284.o(.text)
    Reset_Handler                            0x000000d7   Thumb Code    12  startup_skeaz1284.o(.text)
    HardFault_Handler                        0x000000e5   Thumb Code     2  startup_skeaz1284.o(.text)
    SVC_Handler                              0x000000e7   Thumb Code     2  startup_skeaz1284.o(.text)
    PendSV_Handler                           0x000000e9   Thumb Code     2  startup_skeaz1284.o(.text)
    SysTick_Handler                          0x000000eb   Thumb Code     2  startup_skeaz1284.o(.text)
    ACMP0_IRQHandler                         0x000000ed   Thumb Code     0  startup_skeaz1284.o(.text)
    ACMP1_IRQHandler                         0x000000ed   Thumb Code     0  startup_skeaz1284.o(.text)
    ADC_IRQHandler                           0x000000ed   Thumb Code     0  startup_skeaz1284.o(.text)
    DefaultISR                               0x000000ed   Thumb Code     0  startup_skeaz1284.o(.text)
    FTM0_IRQHandler                          0x000000ed   Thumb Code     0  startup_skeaz1284.o(.text)
    FTM1_IRQHandler                          0x000000ed   Thumb Code     0  startup_skeaz1284.o(.text)
    FTM2_IRQHandler                          0x000000ed   Thumb Code     0  startup_skeaz1284.o(.text)
    FTMRE_IRQHandler                         0x000000ed   Thumb Code     0  startup_skeaz1284.o(.text)
    I2C0_IRQHandler                          0x000000ed   Thumb Code     0  startup_skeaz1284.o(.text)
    I2C1_IRQHandler                          0x000000ed   Thumb Code     0  startup_skeaz1284.o(.text)
    ICS_IRQHandler                           0x000000ed   Thumb Code     0  startup_skeaz1284.o(.text)
    KBI1_IRQHandler                          0x000000ed   Thumb Code     0  startup_skeaz1284.o(.text)
    MSCAN_RX_IRQHandler                      0x000000ed   Thumb Code     0  startup_skeaz1284.o(.text)
    MSCAN_TX_IRQHandler                      0x000000ed   Thumb Code     0  startup_skeaz1284.o(.text)
    PMC_IRQHandler                           0x000000ed   Thumb Code     0  startup_skeaz1284.o(.text)
    PWT_IRQHandler                           0x000000ed   Thumb Code     0  startup_skeaz1284.o(.text)
    RTC_IRQHandler                           0x000000ed   Thumb Code     0  startup_skeaz1284.o(.text)
    Reserved16_IRQHandler                    0x000000ed   Thumb Code     0  startup_skeaz1284.o(.text)
    Reserved17_IRQHandler                    0x000000ed   Thumb Code     0  startup_skeaz1284.o(.text)
    Reserved18_IRQHandler                    0x000000ed   Thumb Code     0  startup_skeaz1284.o(.text)
    Reserved19_IRQHandler                    0x000000ed   Thumb Code     0  startup_skeaz1284.o(.text)
    Reserved20_IRQHandler                    0x000000ed   Thumb Code     0  startup_skeaz1284.o(.text)
    Reserved42_IRQHandler                    0x000000ed   Thumb Code     0  startup_skeaz1284.o(.text)
    SPI0_IRQHandler                          0x000000ed   Thumb Code     0  startup_skeaz1284.o(.text)
    SPI1_IRQHandler                          0x000000ed   Thumb Code     0  startup_skeaz1284.o(.text)
    UART1_IRQHandler                         0x000000ed   Thumb Code     0  startup_skeaz1284.o(.text)
    UART2_IRQHandler                         0x000000ed   Thumb Code     0  startup_skeaz1284.o(.text)
    WDOG_IRQHandler                          0x000000ed   Thumb Code     0  startup_skeaz1284.o(.text)
    __aeabi_uidiv                            0x000000fd   Thumb Code     0  uidiv.o(.text)
    __aeabi_uidivmod                         0x000000fd   Thumb Code    44  uidiv.o(.text)
    __aeabi_memcpy                           0x00000129   Thumb Code    36  memcpya.o(.text)
    __aeabi_memcpy4                          0x00000129   Thumb Code     0  memcpya.o(.text)
    __aeabi_memcpy8                          0x00000129   Thumb Code     0  memcpya.o(.text)
    __aeabi_d2f                              0x0000014d   Thumb Code    56  d2f.o(.text)
    __I$use$fp                               0x00000185   Thumb Code     0  iusefp.o(.text)
    _float_round                             0x00000185   Thumb Code    16  fepilogue.o(.text)
    _float_epilogue                          0x00000195   Thumb Code   114  fepilogue.o(.text)
    __aeabi_dadd                             0x00000209   Thumb Code   328  dadd.o(.text)
    __aeabi_dsub                             0x00000351   Thumb Code    12  dadd.o(.text)
    __aeabi_drsub                            0x0000035d   Thumb Code    12  dadd.o(.text)
    __scatterload                            0x0000036d   Thumb Code    28  init.o(.text)
    __scatterload_rt2                        0x0000036d   Thumb Code     0  init.o(.text)
    __aeabi_llsl                             0x00000391   Thumb Code    32  llshl.o(.text)
    _ll_shift_l                              0x00000391   Thumb Code     0  llshl.o(.text)
    __aeabi_lasr                             0x000003b1   Thumb Code    38  llsshr.o(.text)
    _ll_sshift_r                             0x000003b1   Thumb Code     0  llsshr.o(.text)
    __aeabi_llsr                             0x000003d7   Thumb Code    34  llushr.o(.text)
    _ll_ushift_r                             0x000003d7   Thumb Code     0  llushr.o(.text)
    NMI_Handler                              0x000003f9   Thumb Code     2  system_skeaz1284.o(i.NMI_Handler)
    UART0_IRQHandler                         0x000003fb   Thumb Code     2  isr.o(i.UART0_IRQHandler)
    __scatterload_null                       0x000003fd   Thumb Code     2  handlers.o(i.__scatterload_null)
    __aeabi_ddiv                             0x00000411   Thumb Code   234  ddiv.o(.text)
    _double_round                            0x00000501   Thumb Code    26  depilogue.o(.text)
    _double_epilogue                         0x0000051b   Thumb Code   164  depilogue.o(.text)
    __aeabi_dmul                             0x000005c1   Thumb Code   202  dmul.o(.text)
    __ARM_scalbn                             0x00000691   Thumb Code    44  dscalb.o(.text)
    scalbn                                   0x00000691   Thumb Code     0  dscalb.o(.text)
    IRQ_IRQHandler                           0x000006bd   Thumb Code    14  isr.o(i.IRQ_IRQHandler)
    KBI0_IRQHandler                          0x000006d1   Thumb Code    22  isr.o(i.KBI0_IRQHandler)
    PIT_CH0_IRQHandler                       0x000006f1   Thumb Code    38  isr.o(i.PIT_CH0_IRQHandler)
    PIT_CH1_IRQHandler                       0x00000729   Thumb Code    14  isr.o(i.PIT_CH1_IRQHandler)
    Start                                    0x0000073d   Thumb Code    82  system_skeaz1284.o(i.Start)
    __ARM_clz                                0x0000079d   Thumb Code    46  depilogue.o(i.__ARM_clz)
    __ARM_fpclassify                         0x000007cd   Thumb Code    40  fpclassify.o(i.__ARM_fpclassify)
    __kernel_poly                            0x000007f9   Thumb Code   172  poly.o(i.__kernel_poly)
    __mathlib_dbl_infnan                     0x000008a5   Thumb Code    10  dunder.o(i.__mathlib_dbl_infnan)
    __mathlib_dbl_infnan2                    0x000008af   Thumb Code     8  dunder.o(i.__mathlib_dbl_infnan2)
    __mathlib_dbl_underflow                  0x000008b9   Thumb Code    14  dunder.o(i.__mathlib_dbl_underflow)
    __scatterload_copy                       0x000008cd   Thumb Code    14  handlers.o(i.__scatterload_copy)
    __scatterload_zeroinit                   0x000008db   Thumb Code    14  handlers.o(i.__scatterload_zeroinit)
    atan                                     0x000008e9   Thumb Code   472  atan.o(i.atan)
    atan2                                    0x00000b05   Thumb Code   334  atan2.o(i.atan2)
    disable_wdog                             0x00000c7d   Thumb Code    16  system_skeaz1284.o(i.disable_wdog)
    get_clk                                  0x00000c95   Thumb Code   170  common.o(i.get_clk)
    main                                     0x00000d61   Thumb Code   164  main.o(i.main)
    port_pull                                0x00000e09   Thumb Code    74  kea128_port.o(i.port_pull)
    push                                     0x00000e59   Thumb Code    42  jlu.o(i.push)
    push_end                                 0x00000e89   Thumb Code    20  jlu.o(i.push_end)
    push_head                                0x00000e9d   Thumb Code    80  jlu.o(i.push_head)
    push_in_data                             0x00000ef1   Thumb Code    26  jlu.o(i.push_in_data)
    systick_delay                            0x00000f0d   Thumb Code    44  kea128_systick.o(i.systick_delay)
    systick_delay_ms                         0x00000f3d   Thumb Code    24  kea128_systick.o(i.systick_delay_ms)
    uart_init                                0x00000f59   Thumb Code   170  kea128_uart.o(i.uart_init)
    uart_mux                                 0x00001011   Thumb Code   122  kea128_uart.o(i.uart_mux)
    uart_putchar                             0x00001091   Thumb Code    28  kea128_uart.o(i.uart_putchar)
    __mathlib_zero                           0x00001160   Data           8  qnan.o(.constdata)
    Region$$Table$$Base                      0x00001168   Number         0  anon$$obj.o(Region$$Table)
    Region$$Table$$Limit                     0x00001188   Number         0  anon$$obj.o(Region$$Table)
    ics_clk_khz                              0x1ffff000   Data           4  common.o(.data)
    ftm_clk_khz                              0x1ffff004   Data           4  common.o(.data)
    core_clk_khz                             0x1ffff008   Data           4  common.o(.data)
    bus_clk_khz                              0x1ffff00c   Data           4  common.o(.data)
    uart                                     0x1ffff010   Data          12  kea128_uart.o(.data)
    a                                        0x1ffff01c   Data           4  isr.o(.data)
    flag                                     0x1ffff020   Data           4  isr.o(.data)
    baud                                     0x1ffff024   Data           4  main.o(.data)
    jj                                       0x1ffff028   Data           4  main.o(.data)
    uSendBuf                                 0x1ffff02c   Data          32  jlu.o(.bss)
    __initial_sp                             0x1ffff450   Data           0  startup_skeaz1284.o(STACK)



==============================================================================

Memory Map of the image

  Image Entry point : 0x000000c1

  Load Region LR_IROM1 (Base: 0x00000000, Size: 0x000011b4, Max: 0x00020000, ABSOLUTE)

    Execution Region ER_IROM1 (Base: 0x00000000, Size: 0x00001188, Max: 0x00020000, ABSOLUTE)

    Base Addr    Size         Type   Attr      Idx    E Section Name        Object

    0x00000000   0x000000c0   Data   RO            3    RESET               startup_skeaz1284.o
    0x000000c0   0x00000000   Code   RO         1654  * .ARM.Collect$$$$00000000  mc_p.l(entry.o)
    0x000000c0   0x00000004   Code   RO         1700    .ARM.Collect$$$$00000001  mc_p.l(entry2.o)
    0x000000c4   0x00000004   Code   RO         1703    .ARM.Collect$$$$00000004  mc_p.l(entry5.o)
    0x000000c8   0x00000000   Code   RO         1705    .ARM.Collect$$$$00000008  mc_p.l(entry7b.o)
    0x000000c8   0x00000000   Code   RO         1707    .ARM.Collect$$$$0000000A  mc_p.l(entry8b.o)
    0x000000c8   0x00000008   Code   RO         1708    .ARM.Collect$$$$0000000B  mc_p.l(entry9a.o)
    0x000000d0   0x00000000   Code   RO         1710    .ARM.Collect$$$$0000000D  mc_p.l(entry10a.o)
    0x000000d0   0x00000000   Code   RO         1712    .ARM.Collect$$$$0000000F  mc_p.l(entry11a.o)
    0x000000d0   0x00000004   Code   RO         1701    .ARM.Collect$$$$00002712  mc_p.l(entry2.o)
    0x000000d4   0x00000028   Code   RO            5    .text               startup_skeaz1284.o
    0x000000fc   0x0000002c   Code   RO         1657    .text               mc_p.l(uidiv.o)
    0x00000128   0x00000024   Code   RO         1661    .text               mc_p.l(memcpya.o)
    0x0000014c   0x00000038   Code   RO         1669    .text               mf_p.l(d2f.o)
    0x00000184   0x00000000   Code   RO         1721    .text               mc_p.l(iusefp.o)
    0x00000184   0x00000082   Code   RO         1722    .text               mf_p.l(fepilogue.o)
    0x00000206   0x00000002   PAD
    0x00000208   0x00000164   Code   RO         1724    .text               mf_p.l(dadd.o)
    0x0000036c   0x00000024   Code   RO         1732    .text               mc_p.l(init.o)
    0x00000390   0x00000020   Code   RO         1734    .text               mc_p.l(llshl.o)
    0x000003b0   0x00000026   Code   RO         1736    .text               mc_p.l(llsshr.o)
    0x000003d6   0x00000022   Code   RO         1746    .text               mc_p.l(llushr.o)
    0x000003f8   0x00000002   Code   RO           15    i.NMI_Handler       system_skeaz1284.o
    0x000003fa   0x00000002   Code   RO         1328    i.UART0_IRQHandler  isr.o
    0x000003fc   0x00000002   Code   RO         1751    i.__scatterload_null  mc_p.l(handlers.o)
    0x000003fe   0x00000002   PAD
    0x00000400   0x00000010   Code   RO            4    .ARM.__at_0x400     startup_skeaz1284.o
    0x00000410   0x000000f0   Code   RO         1726    .text               mf_p.l(ddiv.o)
    0x00000500   0x000000be   Code   RO         1738    .text               mf_p.l(depilogue.o)
    0x000005be   0x00000002   PAD
    0x000005c0   0x000000d0   Code   RO         1742    .text               mf_p.l(dmul.o)
    0x00000690   0x0000002c   Code   RO         1744    .text               mf_p.l(dscalb.o)
    0x000006bc   0x00000014   Code   RO         1324    i.IRQ_IRQHandler    isr.o
    0x000006d0   0x00000020   Code   RO         1325    i.KBI0_IRQHandler   isr.o
    0x000006f0   0x00000038   Code   RO         1326    i.PIT_CH0_IRQHandler  isr.o
    0x00000728   0x00000014   Code   RO         1327    i.PIT_CH1_IRQHandler  isr.o
    0x0000073c   0x00000060   Code   RO           16    i.Start             system_skeaz1284.o
    0x0000079c   0x0000002e   Code   RO         1740    i.__ARM_clz         mf_p.l(depilogue.o)
    0x000007ca   0x00000002   PAD
    0x000007cc   0x0000002c   Code   RO         1728    i.__ARM_fpclassify  m_ps.l(fpclassify.o)
    0x000007f8   0x000000ac   Code   RO         1730    i.__kernel_poly     m_ps.l(poly.o)
    0x000008a4   0x0000000a   Code   RO         1686    i.__mathlib_dbl_infnan  m_ps.l(dunder.o)
    0x000008ae   0x00000008   Code   RO         1687    i.__mathlib_dbl_infnan2  m_ps.l(dunder.o)
    0x000008b6   0x00000002   PAD
    0x000008b8   0x00000014   Code   RO         1691    i.__mathlib_dbl_underflow  m_ps.l(dunder.o)
    0x000008cc   0x0000000e   Code   RO         1750    i.__scatterload_copy  mc_p.l(handlers.o)
    0x000008da   0x0000000e   Code   RO         1752    i.__scatterload_zeroinit  mc_p.l(handlers.o)
    0x000008e8   0x0000021c   Code   RO         1676    i.atan              m_ps.l(atan.o)
    0x00000b04   0x00000178   Code   RO         1647    i.atan2             m_ps.l(atan2.o)
    0x00000c7c   0x00000018   Code   RO           17    i.disable_wdog      system_skeaz1284.o
    0x00000c94   0x000000cc   Code   RO          175    i.get_clk           common.o
    0x00000d60   0x000000a8   Code   RO         1378    i.main              main.o
    0x00000e08   0x00000050   Code   RO          505    i.port_pull         kea128_port.o
    0x00000e58   0x00000030   Code   RO         1501    i.push              jlu.o
    0x00000e88   0x00000014   Code   RO         1502    i.push_end          jlu.o
    0x00000e9c   0x00000054   Code   RO         1503    i.push_head         jlu.o
    0x00000ef0   0x0000001a   Code   RO         1504    i.push_in_data      jlu.o
    0x00000f0a   0x00000002   PAD
    0x00000f0c   0x00000030   Code   RO          621    i.systick_delay     kea128_systick.o
    0x00000f3c   0x0000001c   Code   RO          622    i.systick_delay_ms  kea128_systick.o
    0x00000f58   0x000000b8   Code   RO          529    i.uart_init         kea128_uart.o
    0x00001010   0x00000080   Code   RO          530    i.uart_mux          kea128_uart.o
    0x00001090   0x00000020   Code   RO          532    i.uart_putchar      kea128_uart.o
    0x000010b0   0x00000016   Data   RO          176    .constdata          common.o
    0x000010c6   0x00000002   PAD
    0x000010c8   0x00000098   Data   RO         1677    .constdata          m_ps.l(atan.o)
    0x00001160   0x00000008   Data   RO         1699    .constdata          m_ps.l(qnan.o)
    0x00001168   0x00000020   Data   RO         1748    Region$$Table       anon$$obj.o


    Execution Region RW_IRAM1 (Base: 0x1ffff000, Size: 0x00000450, Max: 0x00004000, ABSOLUTE)

    Base Addr    Size         Type   Attr      Idx    E Section Name        Object

    0x1ffff000   0x00000010   Data   RW          177    .data               common.o
    0x1ffff010   0x0000000c   Data   RW          538    .data               kea128_uart.o
    0x1ffff01c   0x00000008   Data   RW         1329    .data               isr.o
    0x1ffff024   0x00000008   Data   RW         1379    .data               main.o
    0x1ffff02c   0x00000020   Zero   RW         1506    .bss                jlu.o
    0x1ffff04c   0x00000004   PAD
    0x1ffff050   0x00000400   Zero   RW            1    STACK               startup_skeaz1284.o


==============================================================================

Image component sizes


      Code (inc. data)   RO Data    RW Data    ZI Data      Debug   Object Name

       204         34         22         16          0       2361   common.o
       130         40          0          8          0       2741   isr.o
       178         10          0          0         32       2620   jlu.o
        80          6          0          0          0        636   kea128_port.o
        76          8          0          0          0       1203   kea128_systick.o
       344         24          0         12          0       2741   kea128_uart.o
       168          4          0          8          0       2456   main.o
         0          0          0          0          0       2095   misc.o
        56         30        192          0       1024       1112   startup_skeaz1284.o
       122         22          0          0          0     109457   system_skeaz1284.o

    ----------------------------------------------------------------------
      1360        178        248         44       1060     127422   Object Totals
         0          0         32          0          0          0   (incl. Generated)
         2          0          2          0          4          0   (incl. Padding)

    ----------------------------------------------------------------------

      Code (inc. data)   RO Data    RW Data    ZI Data      Debug   Library Member Name

       540         68        152          0          0        112   atan.o
       376         42          0          0          0        144   atan2.o
        38          6          0          0          0        204   dunder.o
        44          4          0          0          0         60   fpclassify.o
       172          0          0          0          0         76   poly.o
         0          0          8          0          0          0   qnan.o
         0          0          0          0          0          0   entry.o
         0          0          0          0          0          0   entry10a.o
         0          0          0          0          0          0   entry11a.o
         8          4          0          0          0          0   entry2.o
         4          0          0          0          0          0   entry5.o
         0          0          0          0          0          0   entry7b.o
         0          0          0          0          0          0   entry8b.o
         8          4          0          0          0          0   entry9a.o
        30          0          0          0          0          0   handlers.o
        36          8          0          0          0         68   init.o
         0          0          0          0          0          0   iusefp.o
        32          0          0          0          0         68   llshl.o
        38          0          0          0          0         68   llsshr.o
        34          0          0          0          0         68   llushr.o
        36          0          0          0          0         60   memcpya.o
        44          0          0          0          0         72   uidiv.o
        56          0          0          0          0         68   d2f.o
       356          4          0          0          0        140   dadd.o
       240          6          0          0          0         84   ddiv.o
       236          0          0          0          0        216   depilogue.o
       208          6          0          0          0         88   dmul.o
        44          0          0          0          0         72   dscalb.o
       130          0          0          0          0        144   fepilogue.o

    ----------------------------------------------------------------------
      2720        152        160          0          0       1812   Library Totals
        10          0          0          0          0          0   (incl. Padding)

    ----------------------------------------------------------------------

      Code (inc. data)   RO Data    RW Data    ZI Data      Debug   Library Name

      1170        120        160          0          0        596   m_ps.l
       270         16          0          0          0        404   mc_p.l
      1270         16          0          0          0        812   mf_p.l

    ----------------------------------------------------------------------
      2720        152        160          0          0       1812   Library Totals

    ----------------------------------------------------------------------

==============================================================================


      Code (inc. data)   RO Data    RW Data    ZI Data      Debug   

      4080        330        408         44       1060     127802   Grand Totals
      4080        330        408         44       1060     127802   ELF Image Totals
      4080        330        408         44          0          0   ROM Totals

==============================================================================

    Total RO  Size (Code + RO Data)                 4488 (   4.38kB)
    Total RW  Size (RW Data + ZI Data)              1104 (   1.08kB)
    Total ROM Size (Code + RO Data + RW Data)       4532 (   4.43kB)

==============================================================================

